Reference	ID	Tags	SupportReference	Quote	Occurrence	Note
1:1	abc1		rc://*/ta/man/translate/translate-names	Jesus	1	This genealogy connects to [Genesis 22:18](../../gen/22/18.md) and [2 Samuel 7:12-16](../../2sa/07/12.md).
1:2	abc2		rc://*/ta/man/translate/translate-names	Abraham	1	See [Genesis 12:1-3](../../gen/12/01.md) and compare [chapter 2](../02/01.md).
2:1	abc3		rc://*/ta/man/translate/translate-names	Bethlehem	1	This fulfills [Micah 5:2](../../mic/05/02.md) and [verses 4-6](../02/04.md).
